LTspice 26.0.2 for Windows
Circuit: D:\GithubRepos\Hot-Wand\doc\design-study\sim-470khz\overtemperature\duty.cir
Start Time: Sun Sep 27 22:49:57 2026
Options:plotwinsize=0 numdgt=7

.step case=0 tipval=1
solver = Normal
Maximum thread count: 24
tnom = 27
temp = 27
method = trap
Direct Newton iteration succeeded in finding operating point.

.step case=1 tipval=1
Direct Newton iteration succeeded in finding operating point.

.step case=2 tipval=1
Direct Newton iteration succeeded in finding operating point.

.step case=3 tipval=1
Direct Newton iteration succeeded in finding operating point.

.step case=4 tipval=1
Direct Newton iteration succeeded in finding operating point.

.step case=5 tipval=1
Direct Newton iteration succeeded in finding operating point.

.step case=6 tipval=1
Direct Newton iteration succeeded in finding operating point.

.step case=7 tipval=1
Direct Newton iteration succeeded in finding operating point.

.step case=8 tipval=1
Direct Newton iteration succeeded in finding operating point.

.step case=9 tipval=1
Direct Newton iteration succeeded in finding operating point.

.step case=0 tipval=2
Direct Newton iteration succeeded in finding operating point.

.step case=1 tipval=2
Direct Newton iteration succeeded in finding operating point.

.step case=2 tipval=2
Direct Newton iteration succeeded in finding operating point.

.step case=3 tipval=2
Direct Newton iteration succeeded in finding operating point.

.step case=4 tipval=2
Direct Newton iteration succeeded in finding operating point.

.step case=5 tipval=2
Direct Newton iteration succeeded in finding operating point.

.step case=6 tipval=2
Direct Newton iteration succeeded in finding operating point.

.step case=7 tipval=2
Direct Newton iteration succeeded in finding operating point.

.step case=8 tipval=2
Direct Newton iteration succeeded in finding operating point.

.step case=9 tipval=2
Direct Newton iteration succeeded in finding operating point.

.step case=0 tipval=3
Direct Newton iteration succeeded in finding operating point.

.step case=1 tipval=3
Direct Newton iteration succeeded in finding operating point.

.step case=2 tipval=3
Direct Newton iteration succeeded in finding operating point.

.step case=3 tipval=3
Direct Newton iteration succeeded in finding operating point.

.step case=4 tipval=3
Direct Newton iteration succeeded in finding operating point.

.step case=5 tipval=3
Direct Newton iteration succeeded in finding operating point.

.step case=6 tipval=3
Direct Newton iteration succeeded in finding operating point.

.step case=7 tipval=3
Direct Newton iteration succeeded in finding operating point.

.step case=8 tipval=3
Direct Newton iteration succeeded in finding operating point.

.step case=9 tipval=3
Direct Newton iteration succeeded in finding operating point.
Total elapsed time: 14.199 seconds.

Files loaded:
D:\GithubRepos\Hot-Wand\doc\design-study\sim-470khz\overtemperature\duty.cir


Measurement: ptip
  step	AVG((V(rtip)*I(Rtip)) )	FROM	TO
     1	15.2460892255	0.000765957446809	0.000851063829787
     2	27.8511892675	0.000765957446809	0.000851063829787
     3	43.839329264	0.000765957446809	0.000851063829787
     4	58.3940621923	0.000765957446809	0.000851063829787
     5	63.1862314165	0.000765957446809	0.000851063829787
     6	65.7724614815	0.000765957446809	0.000851063829787
     7	66.5380518969	0.000765957446809	0.000851063829787
     8	66.439376469	0.000765957446809	0.000851063829787
     9	66.2465394264	0.000765957446809	0.000851063829787
    10	66.6727012247	0.000765957446809	0.000851063829787
    11	14.4834320484	0.000765957446809	0.000851063829787
    12	29.162424364	0.000765957446809	0.000851063829787
    13	48.8796683722	0.000765957446809	0.000851063829787
    14	67.6433681024	0.000765957446809	0.000851063829787
    15	74.1077524046	0.000765957446809	0.000851063829787
    16	77.6367103076	0.000765957446809	0.000851063829787
    17	78.48997415	0.000765957446809	0.000851063829787
    18	78.3319747176	0.000765957446809	0.000851063829787
    19	78.0832579924	0.000765957446809	0.000851063829787
    20	77.9320887883	0.000765957446809	0.000851063829787
    21	5.80695933094	0.000765957446809	0.000851063829787
    22	5.82431179972	0.000765957446809	0.000851063829787
    23	5.78448738734	0.000765957446809	0.000851063829787
    24	5.75165685342	0.000765957446809	0.000851063829787
    25	5.73813954051	0.000765957446809	0.000851063829787
    26	5.72656055387	0.000765957446809	0.000851063829787
    27	5.71660136557	0.000765957446809	0.000851063829787
    28	5.70809040758	0.000765957446809	0.000851063829787
    29	5.69431384777	0.000765957446809	0.000851063829787
    30	5.83219397954	0.000765957446809	0.000851063829787

Measurement: pin
  step	AVG((-V(supply)*I(Vcc)) )	FROM	TO
     1	31.6820685661	0.000765957446809	0.000851063829787
     2	44.5464677931	0.000765957446809	0.000851063829787
     3	59.0112184001	0.000765957446809	0.000851063829787
     4	71.6314488854	0.000765957446809	0.000851063829787
     5	75.8699553154	0.000765957446809	0.000851063829787
     6	78.2634268863	0.000765957446809	0.000851063829787
     7	79.019783187	0.000765957446809	0.000851063829787
     8	78.9088381001	0.000765957446809	0.000851063829787
     9	78.6524873407	0.000765957446809	0.000851063829787
    10	79.7105074352	0.000765957446809	0.000851063829787
    11	34.3721066358	0.000765957446809	0.000851063829787
    12	50.0313318492	0.000765957446809	0.000851063829787
    13	68.4049508706	0.000765957446809	0.000851063829787
    14	85.2812053449	0.000765957446809	0.000851063829787
    15	91.266183751	0.000765957446809	0.000851063829787
    16	94.6978346336	0.000765957446809	0.000851063829787
    17	95.5792233392	0.000765957446809	0.000851063829787
    18	95.3959236789	0.000765957446809	0.000851063829787
    19	95.0655270085	0.000765957446809	0.000851063829787
    20	94.803094091	0.000765957446809	0.000851063829787
    21	10.8538907168	0.000765957446809	0.000851063829787
    22	10.861469551	0.000765957446809	0.000851063829787
    23	10.784438803	0.000765957446809	0.000851063829787
    24	10.6956582753	0.000765957446809	0.000851063829787
    25	10.6488085274	0.000765957446809	0.000851063829787
    26	10.6011591066	0.000765957446809	0.000851063829787
    27	10.5528999774	0.000765957446809	0.000851063829787
    28	10.5028755862	0.000765957446809	0.000851063829787
    29	10.3835766892	0.000765957446809	0.000851063829787
    30	13.1896186042	0.000765957446809	0.000851063829787

Measurement: pq
  step	AVG((V(drain)*Id(M1)) )	FROM	TO
     1	13.6332232027	0.000765957446809	0.000851063829787
     2	12.4165617244	0.000765957446809	0.000851063829787
     3	9.07199362702	0.000765957446809	0.000851063829787
     4	5.44397941609	0.000765957446809	0.000851063829787
     5	4.30991338751	0.000765957446809	0.000851063829787
     6	3.78757391316	0.000765957446809	0.000851063829787
     7	3.67575589939	0.000765957446809	0.000851063829787
     8	3.67702059532	0.000765957446809	0.000851063829787
     9	3.64636522388	0.000765957446809	0.000851063829787
    10	4.15331309554	0.000765957446809	0.000851063829787
    11	16.8719631311	0.000765957446809	0.000851063829787
    12	16.0111688348	0.000765957446809	0.000851063829787
    13	12.2514924621	0.000765957446809	0.000851063829787
    14	7.98106514624	0.000765957446809	0.000851063829787
    15	6.6318018989	0.000765957446809	0.000851063829787
    16	6.0334857964	0.000765957446809	0.000851063829787
    17	5.93163322142	0.000765957446809	0.000851063829787
    18	5.93506139932	0.000765957446809	0.000851063829787
    19	5.89757753254	0.000765957446809	0.000851063829787
    20	5.81753294197	0.000765957446809	0.000851063829787
    21	0.826521062544	0.000765957446809	0.000851063829787
    22	0.805022532677	0.000765957446809	0.000851063829787
    23	0.798642856425	0.000765957446809	0.000851063829787
    24	0.765532629961	0.000765957446809	0.000851063829787
    25	0.740235334101	0.000765957446809	0.000851063829787
    26	0.710020480524	0.000765957446809	0.000851063829787
    27	0.684733697867	0.000765957446809	0.000851063829787
    28	0.647942380923	0.000765957446809	0.000851063829787
    29	0.55494611054	0.000765957446809	0.000851063829787
    30	2.92389693286	0.000765957446809	0.000851063829787

Measurement: vpeak
  step	MAX(V(drain))	FROM	TO
     1	66.0378219717	0	0.000851063829787
     2	73.4204599296	0	0.000851063829787
     3	79.0444573505	0	0.000851063829787
     4	83.6173232381	0	0.000851063829787
     5	85.0733932421	0	0.000851063829787
     6	85.8123798694	0	0.000851063829787
     7	86.0598020134	0	0.000851063829787
     8	86.142919858	0	0.000851063829787
     9	86.4044073065	0	0.000851063829787
    10	86.6256808303	0	0.000851063829787
    11	70.4880902769	0	0.000851063829787
    12	75.6596775257	0	0.000851063829787
    13	83.8121450232	0	0.000851063829787
    14	89.9491922203	0	0.000851063829787
    15	92.0206559823	0	0.000851063829787
    16	93.082540687	0	0.000851063829787
    17	93.430476446	0	0.000851063829787
    18	93.4774035777	0	0.000851063829787
    19	93.5582343911	0	0.000851063829787
    20	93.7862894196	0	0.000851063829787
    21	94.6737178946	0	0.000851063829787
    22	105.887504841	0	0.000851063829787
    23	113.446506471	0	0.000851063829787
    24	117.404722665	0	0.000851063829787
    25	118.65665435	0	0.000851063829787
    26	119.68527909	0	0.000851063829787
    27	120.681408757	0	0.000851063829787
    28	122.005080468	0	0.000851063829787
    29	125.104995959	0	0.000851063829787
    30	128.705988359	0	0.000851063829787
