LTspice 26.0.2 for Windows
Circuit: D:\GithubRepos\Hot-Wand\doc\design-study\sim-470khz\overtemperature\duty_verify.cir
Start Time: Sun Sep 27 22:50:31 2026
Options:plotwinsize=0 numdgt=7

.step case=0 tipval=1
solver = Normal
Maximum thread count: 24
tnom = 27
temp = 27
method = trap
Direct Newton iteration succeeded in finding operating point.

.step case=1 tipval=1
Direct Newton iteration succeeded in finding operating point.

.step case=2 tipval=1
Direct Newton iteration succeeded in finding operating point.

.step case=3 tipval=1
Direct Newton iteration succeeded in finding operating point.

.step case=4 tipval=1
Direct Newton iteration succeeded in finding operating point.

.step case=5 tipval=1
Direct Newton iteration succeeded in finding operating point.

.step case=6 tipval=1
Direct Newton iteration succeeded in finding operating point.

.step case=0 tipval=2
Direct Newton iteration succeeded in finding operating point.

.step case=1 tipval=2
Direct Newton iteration succeeded in finding operating point.

.step case=2 tipval=2
Direct Newton iteration succeeded in finding operating point.

.step case=3 tipval=2
Direct Newton iteration succeeded in finding operating point.

.step case=4 tipval=2
Direct Newton iteration succeeded in finding operating point.

.step case=5 tipval=2
Direct Newton iteration succeeded in finding operating point.

.step case=6 tipval=2
Direct Newton iteration succeeded in finding operating point.

.step case=0 tipval=3
Direct Newton iteration succeeded in finding operating point.

.step case=1 tipval=3
Direct Newton iteration succeeded in finding operating point.

.step case=2 tipval=3
Direct Newton iteration succeeded in finding operating point.

.step case=3 tipval=3
Direct Newton iteration succeeded in finding operating point.

.step case=4 tipval=3
Direct Newton iteration succeeded in finding operating point.

.step case=5 tipval=3
Direct Newton iteration succeeded in finding operating point.

.step case=6 tipval=3
Direct Newton iteration succeeded in finding operating point.
Total elapsed time: 49.172 seconds.

Files loaded:
D:\GithubRepos\Hot-Wand\doc\design-study\sim-470khz\overtemperature\duty_verify.cir


Measurement: ptip
  step	AVG((V(rtip)*I(Rtip)) )	FROM	TO
     1	1.02616176361	0.0016170212766	0.00170212765957
     2	1.84912271091	0.0016170212766	0.00170212765957
     3	3.65251913777	0.0016170212766	0.00170212765957
     4	7.51634361989	0.0016170212766	0.00170212765957
     5	43.7881054841	0.0016170212766	0.00170212765957
     6	65.7775245102	0.0016170212766	0.00170212765957
     7	66.4508734261	0.0016170212766	0.00170212765957
     8	0.755600194843	0.0016170212766	0.00170212765957
     9	1.38278487811	0.0016170212766	0.00170212765957
    10	2.81418693878	0.0016170212766	0.00170212765957
    11	6.30614897643	0.0016170212766	0.00170212765957
    12	48.7929061144	0.0016170212766	0.00170212765957
    13	77.6619345837	0.0016170212766	0.00170212765957
    14	78.3703513876	0.0016170212766	0.00170212765957
    15	0.639998267983	0.0016170212766	0.00170212765957
    16	1.60094700373	0.0016170212766	0.00170212765957
    17	3.68446757311	0.0016170212766	0.00170212765957
    18	5.23685503613	0.0016170212766	0.00170212765957
    19	5.78515707445	0.0016170212766	0.00170212765957
    20	5.72713459336	0.0016170212766	0.00170212765957
    21	5.70877676333	0.0016170212766	0.00170212765957

Measurement: pin
  step	AVG((-V(supply)*I(Vcc)) )	FROM	TO
     1	7.09332360097	0.0016170212766	0.00170212765957
     2	9.8271539371	0.0016170212766	0.00170212765957
     3	14.4902280082	0.0016170212766	0.00170212765957
     4	21.871964639	0.0016170212766	0.00170212765957
     5	58.9787618981	0.0016170212766	0.00170212765957
     6	78.2789783178	0.0016170212766	0.00170212765957
     7	78.9308686827	0.0016170212766	0.00170212765957
     8	7.36915609127	0.0016170212766	0.00170212765957
     9	10.2826586453	0.0016170212766	0.00170212765957
    10	15.3798489892	0.0016170212766	0.00170212765957
    11	23.0577227584	0.0016170212766	0.00170212765957
    12	68.3479854371	0.0016170212766	0.00170212765957
    13	94.7412367115	0.0016170212766	0.00170212765957
    14	95.4530870706	0.0016170212766	0.00170212765957
    15	8.74419133527	0.0016170212766	0.00170212765957
    16	10.1719817023	0.0016170212766	0.00170212765957
    17	10.4324932942	0.0016170212766	0.00170212765957
    18	10.5583049461	0.0016170212766	0.00170212765957
    19	10.7885631089	0.0016170212766	0.00170212765957
    20	10.6046611523	0.0016170212766	0.00170212765957
    21	10.506579446	0.0016170212766	0.00170212765957

Measurement: pq
  step	AVG((V(drain)*Id(M1)) )	FROM	TO
     1	5.56444951707	0.0016170212766	0.00170212765957
     2	7.21089590293	0.0016170212766	0.00170212765957
     3	9.69341063917	0.0016170212766	0.00170212765957
     4	12.5363280771	0.0016170212766	0.00170212765957
     5	9.0615828276	0.0016170212766	0.00170212765957
     6	3.78660130239	0.0016170212766	0.00170212765957
     7	3.67614147891	0.0016170212766	0.00170212765957
     8	6.08200827498	0.0016170212766	0.00170212765957
     9	8.1156298932	0.0016170212766	0.00170212765957
    10	11.3702169578	0.0016170212766	0.00170212765957
    11	14.8823048396	0.0016170212766	0.00170212765957
    12	12.2548661462	0.0016170212766	0.00170212765957
    13	6.03515422902	0.0016170212766	0.00170212765957
    14	5.93575451639	0.0016170212766	0.00170212765957
    15	7.08906032236	0.0016170212766	0.00170212765957
    16	6.88694565796	0.0016170212766	0.00170212765957
    17	3.80772135781	0.0016170212766	0.00170212765957
    18	1.46121952813	0.0016170212766	0.00170212765957
    19	0.798950662079	0.0016170212766	0.00170212765957
    20	0.715639686052	0.0016170212766	0.00170212765957
    21	0.649857509125	0.0016170212766	0.00170212765957

Measurement: vpeak
  step	MAX(V(drain))	FROM	TO
     1	42.7522142597	0	0.00170212765957
     2	49.5783152028	0	0.00170212765957
     3	58.2367676011	0	0.00170212765957
     4	65.0831804076	0	0.00170212765957
     5	79.0333266677	0	0.00170212765957
     6	85.8331833881	0	0.00170212765957
     7	86.1609640946	0	0.00170212765957
     8	44.8390710228	0	0.00170212765957
     9	52.8705607363	0	0.00170212765957
    10	62.380068218	0	0.00170212765957
    11	69.6559120932	0	0.00170212765957
    12	83.8234283291	0	0.00170212765957
    13	93.0944562232	0	0.00170212765957
    14	93.4631716509	0	0.00170212765957
    15	48.1825604425	0	0.00170212765957
    16	57.3416068104	0	0.00170212765957
    17	71.7832460657	0	0.00170212765957
    18	81.0313232505	0	0.00170212765957
    19	113.482192879	0	0.00170212765957
    20	119.674886474	0	0.00170212765957
    21	122.025775677	0	0.00170212765957
