LTspice 26.0.2 for Windows
Circuit: D:\GithubRepos\Hot-Wand\doc\design-study\sim-470khz\overtemperature\inductors.cir
Start Time: Sat Sep 26 23:17:44 2026
Options:plotwinsize=0 numdgt=7

.step case=0 tipval=1
solver = Normal
Maximum thread count: 24
tnom = 27
temp = 27
method = trap
Direct Newton iteration succeeded in finding operating point.

.step case=1 tipval=1
Direct Newton iteration succeeded in finding operating point.

.step case=2 tipval=1
Direct Newton iteration succeeded in finding operating point.

.step case=3 tipval=1
Direct Newton iteration succeeded in finding operating point.

.step case=4 tipval=1
Direct Newton iteration succeeded in finding operating point.

.step case=5 tipval=1
Direct Newton iteration succeeded in finding operating point.

.step case=6 tipval=1
Direct Newton iteration succeeded in finding operating point.

.step case=7 tipval=1
Direct Newton iteration succeeded in finding operating point.

.step case=8 tipval=1
Direct Newton iteration succeeded in finding operating point.

.step case=9 tipval=1
Direct Newton iteration succeeded in finding operating point.

.step case=10 tipval=1
Direct Newton iteration succeeded in finding operating point.

.step case=11 tipval=1
Direct Newton iteration succeeded in finding operating point.

.step case=12 tipval=1
Direct Newton iteration succeeded in finding operating point.

.step case=13 tipval=1
Direct Newton iteration succeeded in finding operating point.

.step case=14 tipval=1
Direct Newton iteration succeeded in finding operating point.

.step case=15 tipval=1
Direct Newton iteration succeeded in finding operating point.

.step case=16 tipval=1
Direct Newton iteration succeeded in finding operating point.

.step case=0 tipval=2
Direct Newton iteration succeeded in finding operating point.

.step case=1 tipval=2
Direct Newton iteration succeeded in finding operating point.

.step case=2 tipval=2
Direct Newton iteration succeeded in finding operating point.

.step case=3 tipval=2
Direct Newton iteration succeeded in finding operating point.

.step case=4 tipval=2
Direct Newton iteration succeeded in finding operating point.

.step case=5 tipval=2
Direct Newton iteration succeeded in finding operating point.

.step case=6 tipval=2
Direct Newton iteration succeeded in finding operating point.

.step case=7 tipval=2
Direct Newton iteration succeeded in finding operating point.

.step case=8 tipval=2
Direct Newton iteration succeeded in finding operating point.

.step case=9 tipval=2
Direct Newton iteration succeeded in finding operating point.

.step case=10 tipval=2
Direct Newton iteration succeeded in finding operating point.

.step case=11 tipval=2
Direct Newton iteration succeeded in finding operating point.

.step case=12 tipval=2
Direct Newton iteration succeeded in finding operating point.

.step case=13 tipval=2
Direct Newton iteration succeeded in finding operating point.

.step case=14 tipval=2
Direct Newton iteration succeeded in finding operating point.

.step case=15 tipval=2
Direct Newton iteration succeeded in finding operating point.

.step case=16 tipval=2
Direct Newton iteration succeeded in finding operating point.

.step case=0 tipval=3
Direct Newton iteration succeeded in finding operating point.

.step case=1 tipval=3
Direct Newton iteration succeeded in finding operating point.

.step case=2 tipval=3
Direct Newton iteration succeeded in finding operating point.

.step case=3 tipval=3
Direct Newton iteration succeeded in finding operating point.

.step case=4 tipval=3
Direct Newton iteration succeeded in finding operating point.

.step case=5 tipval=3
Direct Newton iteration succeeded in finding operating point.

.step case=6 tipval=3
Direct Newton iteration succeeded in finding operating point.

.step case=7 tipval=3
Direct Newton iteration succeeded in finding operating point.

.step case=8 tipval=3
Direct Newton iteration succeeded in finding operating point.

.step case=9 tipval=3
Direct Newton iteration succeeded in finding operating point.

.step case=10 tipval=3
Direct Newton iteration succeeded in finding operating point.

.step case=11 tipval=3
Direct Newton iteration succeeded in finding operating point.

.step case=12 tipval=3
Direct Newton iteration succeeded in finding operating point.

.step case=13 tipval=3
Direct Newton iteration succeeded in finding operating point.

.step case=14 tipval=3
Direct Newton iteration succeeded in finding operating point.

.step case=15 tipval=3
Direct Newton iteration succeeded in finding operating point.

.step case=16 tipval=3
Direct Newton iteration succeeded in finding operating point.
Total elapsed time: 45.650 seconds.

Files loaded:
D:\GithubRepos\Hot-Wand\doc\design-study\sim-470khz\overtemperature\inductors.cir


Measurement: ptip
  step	AVG((V(rtip)*I(Rtip)) )	FROM	TO
     1	65.7724614815	0.000765957446809	0.000851063829787
     2	74.8583306088	0.000765957446809	0.000851063829787
     3	60.7891149073	0.000765957446809	0.000851063829787
     4	53.1964953746	0.000765957446809	0.000851063829787
     5	42.2749786218	0.000765957446809	0.000851063829787
     6	63.2088310077	0.000765957446809	0.000851063829787
     7	66.7387616089	0.000765957446809	0.000851063829787
     8	68.0980202774	0.000765957446809	0.000851063829787
     9	69.933114592	0.000765957446809	0.000851063829787
    10	66.6787340407	0.000765957446809	0.000851063829787
    11	65.3631466732	0.000765957446809	0.000851063829787
    12	64.7085542523	0.000765957446809	0.000851063829787
    13	63.514269544	0.000765957446809	0.000851063829787
    14	61.7355731712	0.000765957446809	0.000851063829787
    15	67.155401572	0.000765957446809	0.000851063829787
    16	68.9346828138	0.000765957446809	0.000851063829787
    17	70.5747610728	0.000765957446809	0.000851063829787
    18	77.6367103076	0.000765957446809	0.000851063829787
    19	92.8343953772	0.000765957446809	0.000851063829787
    20	69.5270986186	0.000765957446809	0.000851063829787
    21	57.9723969538	0.000765957446809	0.000851063829787
    22	43.186828445	0.000765957446809	0.000851063829787
    23	75.1346895671	0.000765957446809	0.000851063829787
    24	78.6206034761	0.000765957446809	0.000851063829787
    25	80.0642728417	0.000765957446809	0.000851063829787
    26	82.3914934545	0.000765957446809	0.000851063829787
    27	80.0581698951	0.000765957446809	0.000851063829787
    28	76.6054860101	0.000765957446809	0.000851063829787
    29	75.0045928968	0.000765957446809	0.000851063829787
    30	72.2202968972	0.000765957446809	0.000851063829787
    31	73.7425427019	0.000765957446809	0.000851063829787
    32	79.0480162336	0.000765957446809	0.000851063829787
    33	81.0110315194	0.000765957446809	0.000851063829787
    34	83.9010236178	0.000765957446809	0.000851063829787
    35	5.72656055387	0.000765957446809	0.000851063829787
    36	7.20787350214	0.000765957446809	0.000851063829787
    37	5.24943718147	0.000765957446809	0.000851063829787
    38	4.62909528289	0.000765957446809	0.000851063829787
    39	3.79628536164	0.000765957446809	0.000851063829787
    40	5.40586937819	0.000765957446809	0.000851063829787
    41	5.85716376269	0.000765957446809	0.000851063829787
    42	6.05226340347	0.000765957446809	0.000851063829787
    43	6.36472545452	0.000765957446809	0.000851063829787
    44	5.81712310915	0.000765957446809	0.000851063829787
    45	5.69088816352	0.000765957446809	0.000851063829787
    46	5.63809709927	0.000765957446809	0.000851063829787
    47	5.55125554853	0.000765957446809	0.000851063829787
    48	5.23472571227	0.000765957446809	0.000851063829787
    49	5.91526103312	0.000765957446809	0.000851063829787
    50	6.1821537998	0.000765957446809	0.000851063829787
    51	6.55204858364	0.000765957446809	0.000851063829787

Measurement: pin
  step	AVG((-V(supply)*I(Vcc)) )	FROM	TO
     1	78.2634268863	0.000765957446809	0.000851063829787
     2	91.3728903754	0.000765957446809	0.000851063829787
     3	71.9417979183	0.000765957446809	0.000851063829787
     4	62.6157434585	0.000765957446809	0.000851063829787
     5	49.4273263349	0.000765957446809	0.000851063829787
     6	75.1200286708	0.000765957446809	0.000851063829787
     7	79.4895428435	0.000765957446809	0.000851063829787
     8	81.2698668637	0.000765957446809	0.000851063829787
     9	83.8801712843	0.000765957446809	0.000851063829787
    10	79.3842876428	0.000765957446809	0.000851063829787
    11	77.7640657217	0.000765957446809	0.000851063829787
    12	76.968468463	0.000765957446809	0.000851063829787
    13	75.5314364903	0.000765957446809	0.000851063829787
    14	73.4325547322	0.000765957446809	0.000851063829787
    15	80.0012305534	0.000765957446809	0.000851063829787
    16	82.3460901075	0.000765957446809	0.000851063829787
    17	84.9416154887	0.000765957446809	0.000851063829787
    18	94.6978346336	0.000765957446809	0.000851063829787
    19	118.405281944	0.000765957446809	0.000851063829787
    20	84.1297972228	0.000765957446809	0.000851063829787
    21	69.604113063	0.000765957446809	0.000851063829787
    22	51.371646204	0.000765957446809	0.000851063829787
    23	91.4671549901	0.000765957446809	0.000851063829787
    24	95.9949962162	0.000765957446809	0.000851063829787
    25	97.935111683	0.000765957446809	0.000851063829787
    26	101.161654139	0.000765957446809	0.000851063829787
    27	97.8430549263	0.000765957446809	0.000851063829787
    28	93.3823345621	0.000765957446809	0.000851063829787
    29	91.3620696015	0.000765957446809	0.000851063829787
    30	87.8943288945	0.000765957446809	0.000851063829787
    31	89.7613208553	0.000765957446809	0.000851063829787
    32	96.5455188447	0.000765957446809	0.000851063829787
    33	99.1791829547	0.000765957446809	0.000851063829787
    34	103.234310548	0.000765957446809	0.000851063829787
    35	10.6011591066	0.000765957446809	0.000851063829787
    36	13.3645439932	0.000765957446809	0.000851063829787
    37	9.71074498385	0.000765957446809	0.000851063829787
    38	8.55260727596	0.000765957446809	0.000851063829787
    39	6.99530638419	0.000765957446809	0.000851063829787
    40	10.394018421	0.000765957446809	0.000851063829787
    41	10.6883796907	0.000765957446809	0.000851063829787
    42	10.8201242791	0.000765957446809	0.000851063829787
    43	11.025528298	0.000765957446809	0.000851063829787
    44	10.7472384148	0.000765957446809	0.000851063829787
    45	10.5432319087	0.000765957446809	0.000851063829787
    46	10.457506975	0.000765957446809	0.000851063829787
    47	10.3177803074	0.000765957446809	0.000851063829787
    48	10.3585290717	0.000765957446809	0.000851063829787
    49	10.6999092083	0.000765957446809	0.000851063829787
    50	10.8389756959	0.000765957446809	0.000851063829787
    51	10.9971948227	0.000765957446809	0.000851063829787

Measurement: pq
  step	AVG((V(drain)*Id(M1)) )	FROM	TO
     1	3.78757391316	0.000765957446809	0.000851063829787
     2	6.20488874992	0.000765957446809	0.000851063829787
     3	3.22813133709	0.000765957446809	0.000851063829787
     4	2.62191636593	0.000765957446809	0.000851063829787
     5	1.90136284647	0.000765957446809	0.000851063829787
     6	3.53698619171	0.000765957446809	0.000851063829787
     7	3.91530050203	0.000765957446809	0.000851063829787
     8	4.14045479105	0.000765957446809	0.000851063829787
     9	4.62011491818	0.000765957446809	0.000851063829787
    10	3.90315027099	0.000765957446809	0.000851063829787
    11	3.74321949731	0.000765957446809	0.000851063829787
    12	3.6782993617	0.000765957446809	0.000851063829787
    13	3.57603888134	0.000765957446809	0.000851063829787
    14	3.43898746999	0.000765957446809	0.000851063829787
    15	3.97500829542	0.000765957446809	0.000851063829787
    16	4.30963122495	0.000765957446809	0.000851063829787
    17	5.01717084906	0.000765957446809	0.000851063829787
    18	6.0334857964	0.000765957446809	0.000851063829787
    19	11.39099155	0.000765957446809	0.000851063829787
    20	4.96303625277	0.000765957446809	0.000851063829787
    21	3.83770006033	0.000765957446809	0.000851063829787
    22	2.59272907569	0.000765957446809	0.000851063829787
    23	5.70072156195	0.000765957446809	0.000851063829787
    24	6.18461135128	0.000765957446809	0.000851063829787
    25	6.43147515795	0.000765957446809	0.000851063829787
    26	6.9013610937	0.000765957446809	0.000851063829787
    27	6.40674280012	0.000765957446809	0.000851063829787
    28	5.89784765089	0.000765957446809	0.000851063829787
    29	5.70753613444	0.000765957446809	0.000851063829787
    30	5.42156979237	0.000765957446809	0.000851063829787
    31	5.54798268625	0.000765957446809	0.000851063829787
    32	6.25270125029	0.000765957446809	0.000851063829787
    33	6.60404501334	0.000765957446809	0.000851063829787
    34	7.24803800863	0.000765957446809	0.000851063829787
    35	0.710020480524	0.000765957446809	0.000851063829787
    36	0.924994216718	0.000765957446809	0.000851063829787
    37	0.641386130606	0.000765957446809	0.000851063829787
    38	0.555575393666	0.000765957446809	0.000851063829787
    39	0.43289514276	0.000765957446809	0.000851063829787
    40	0.853927644333	0.000765957446809	0.000851063829787
    41	0.655904850175	0.000765957446809	0.000851063829787
    42	0.570135227361	0.000765957446809	0.000851063829787
    43	0.429859832931	0.000765957446809	0.000851063829787
    44	0.714252518042	0.000765957446809	0.000851063829787
    45	0.707283854398	0.000765957446809	0.000851063829787
    46	0.704114563711	0.000765957446809	0.000851063829787
    47	0.701570103929	0.000765957446809	0.000851063829787
    48	0.927491072611	0.000765957446809	0.000851063829787
    49	0.6328828855	0.000765957446809	0.000851063829787
    50	0.516020145238	0.000765957446809	0.000851063829787
    51	0.33587259863	0.000765957446809	0.000851063829787

Measurement: vpeak
  step	MAX(V(drain))	FROM	TO
     1	85.8123798694	0	0.000851063829787
     2	82.5457297478	0	0.000851063829787
     3	86.2358808974	0	0.000851063829787
     4	87.0986545869	0	0.000851063829787
     5	88.9202026696	0	0.000851063829787
     6	87.0399318908	0	0.000851063829787
     7	85.3163333886	0	0.000851063829787
     8	84.4395181996	0	0.000851063829787
     9	82.8180994754	0	0.000851063829787
    10	84.9687985231	0	0.000851063829787
    11	86.1342617242	0	0.000851061662298
    12	86.5284059834	0	0.000851063829787
    13	87.094224127	0	0.000851063829787
    14	87.7311949883	0	0.000851063829787
    15	85.037764029	0	0.000851063829787
    16	83.7864546309	0	0.000851063829787
    17	81.8100625515	0	0.000851063829787
    18	93.082540687	0	0.000851063829787
    19	88.7595345598	0	0.000851063829787
    20	93.3867991766	0	0.000851063829787
    21	93.0011542786	0	0.000851063829787
    22	94.3881778001	0	0.000851063829787
    23	93.6227006704	0	0.000851063829787
    24	92.8616493476	0	0.000851063829787
    25	92.5170904991	0	0.000851063829787
    26	91.8694791521	0	0.000851063829787
    27	92.160676685	0	0.000851063829787
    28	93.4252207228	0	0.000851063829787
    29	93.8099247962	0	0.000851063829787
    30	94.3733873803	0	0.000851063829787
    31	93.9176194127	0	0.000851063829787
    32	92.7734772136	0	0.000851063829787
    33	92.305876388	0	0.000851063829787
    34	91.5119484367	0	0.000851063829787
    35	119.68527909	0	0.000851063829787
    36	121.864518293	0	0.000851063829787
    37	118.773748734	0	0.000851063829787
    38	116.965352411	0	0.000851063829787
    39	111.825141545	0	0.000851063829787
    40	122.678186643	0	0.000851063829787
    41	118.316583036	0	0.000851063829787
    42	115.9815378	0	0.000851063829787
    43	111.215224301	0	0.000851063829787
    44	119.617391677	0	0.000851063829787
    45	119.69131502	0	0.000851063829787
    46	119.782325281	0	0.000851063829787
    47	119.997945938	0	0.000851063829787
    48	124.639656765	0	0.000851063829787
    49	117.380956707	0	0.000851063829787
    50	114.015327962	0	0.000851063829787
    51	107.325365033	0	0.000851063829787
